Archive member included to satisfy reference by file (symbol)

c:/nxp/mcuxpressoide_10.2.1_795/ide/tools/bin/../lib/gcc/arm-none-eabi/7.2.1/../../../../arm-none-eabi/lib/thumb/v6-m\libcr_semihost_nf.a(_cr__main.o)
                              ./startup/startup_mkl25z4.o (__main)
c:/nxp/mcuxpressoide_10.2.1_795/ide/tools/bin/../lib/gcc/arm-none-eabi/7.2.1/../../../../arm-none-eabi/lib/thumb/v6-m\libcr_semihost_nf.a(_cr_assert.o)
                              ./drivers/fsl_clock.o (__assertion_failed)
c:/nxp/mcuxpressoide_10.2.1_795/ide/tools/bin/../lib/gcc/arm-none-eabi/7.2.1/../../../../arm-none-eabi/lib/thumb/v6-m\libcr_semihost_nf.a(__ciob.o)
                              c:/nxp/mcuxpressoide_10.2.1_795/ide/tools/bin/../lib/gcc/arm-none-eabi/7.2.1/../../../../arm-none-eabi/lib/thumb/v6-m\libcr_semihost_nf.a(_cr_assert.o) (__Ciob)
c:/nxp/mcuxpressoide_10.2.1_795/ide/tools/bin/../lib/gcc/arm-none-eabi/7.2.1/../../../../arm-none-eabi/lib/thumb/v6-m\libcr_semihost_nf.a(__sys_appexit.o)
                              c:/nxp/mcuxpressoide_10.2.1_795/ide/tools/bin/../lib/gcc/arm-none-eabi/7.2.1/../../../../arm-none-eabi/lib/thumb/v6-m\libcr_semihost_nf.a(_cr_assert.o) (__sys_appexit)
c:/nxp/mcuxpressoide_10.2.1_795/ide/tools/bin/../lib/gcc/arm-none-eabi/7.2.1/../../../../arm-none-eabi/lib/thumb/v6-m\libcr_c.a(memcpy.o)
                              ./freertos/queue.o (memcpy)
c:/nxp/mcuxpressoide_10.2.1_795/ide/tools/bin/../lib/gcc/arm-none-eabi/7.2.1/../../../../arm-none-eabi/lib/thumb/v6-m\libcr_c.a(memset.o)
                              ./freertos/tasks.o (memset)
c:/nxp/mcuxpressoide_10.2.1_795/ide/tools/bin/../lib/gcc/arm-none-eabi/7.2.1/../../../../arm-none-eabi/lib/thumb/v6-m\libcr_c.a(_deferredlazyseek.o)
                              c:/nxp/mcuxpressoide_10.2.1_795/ide/tools/bin/../lib/gcc/arm-none-eabi/7.2.1/../../../../arm-none-eabi/lib/thumb/v6-m\libcr_semihost_nf.a(_cr_assert.o) (__flsbuf)
c:/nxp/mcuxpressoide_10.2.1_795/ide/tools/bin/../lib/gcc/arm-none-eabi/7.2.1/../../../../arm-none-eabi/lib/thumb/v6-m\libcr_c.a(_fflush.o)
                              c:/nxp/mcuxpressoide_10.2.1_795/ide/tools/bin/../lib/gcc/arm-none-eabi/7.2.1/../../../../arm-none-eabi/lib/thumb/v6-m\libcr_c.a(_deferredlazyseek.o) (_fflush)
c:/nxp/mcuxpressoide_10.2.1_795/ide/tools/bin/../lib/gcc/arm-none-eabi/7.2.1/../../../../arm-none-eabi/lib/thumb/v6-m\libcr_c.a(_writebuf.o)
                              c:/nxp/mcuxpressoide_10.2.1_795/ide/tools/bin/../lib/gcc/arm-none-eabi/7.2.1/../../../../arm-none-eabi/lib/thumb/v6-m\libcr_c.a(_deferredlazyseek.o) (_Cwritebuf)
c:/nxp/mcuxpressoide_10.2.1_795/ide/tools/bin/../lib/gcc/arm-none-eabi/7.2.1/../../../../arm-none-eabi/lib/thumb/v6-m\libcr_c.a(alloc.o)
                              c:/nxp/mcuxpressoide_10.2.1_795/ide/tools/bin/../lib/gcc/arm-none-eabi/7.2.1/../../../../arm-none-eabi/lib/thumb/v6-m\libcr_c.a(_deferredlazyseek.o) (_Csys_alloc)
c:/nxp/mcuxpressoide_10.2.1_795/ide/tools/bin/../lib/gcc/arm-none-eabi/7.2.1/../../../../arm-none-eabi/lib/thumb/v6-m\libcr_c.a(fputs.o)
                              c:/nxp/mcuxpressoide_10.2.1_795/ide/tools/bin/../lib/gcc/arm-none-eabi/7.2.1/../../../../arm-none-eabi/lib/thumb/v6-m\libcr_semihost_nf.a(_cr_assert.o) (fputs)
c:/nxp/mcuxpressoide_10.2.1_795/ide/tools/bin/../lib/gcc/arm-none-eabi/7.2.1/../../../../arm-none-eabi/lib/thumb/v6-m\libcr_c.a(fseek.o)
                              c:/nxp/mcuxpressoide_10.2.1_795/ide/tools/bin/../lib/gcc/arm-none-eabi/7.2.1/../../../../arm-none-eabi/lib/thumb/v6-m\libcr_c.a(_deferredlazyseek.o) (fseek)
c:/nxp/mcuxpressoide_10.2.1_795/ide/tools/bin/../lib/gcc/arm-none-eabi/7.2.1/../../../../arm-none-eabi/lib/thumb/v6-m\libcr_c.a(ftell.o)
                              c:/nxp/mcuxpressoide_10.2.1_795/ide/tools/bin/../lib/gcc/arm-none-eabi/7.2.1/../../../../arm-none-eabi/lib/thumb/v6-m\libcr_c.a(fseek.o) (ftell)
c:/nxp/mcuxpressoide_10.2.1_795/ide/tools/bin/../lib/gcc/arm-none-eabi/7.2.1/../../../../arm-none-eabi/lib/thumb/v6-m\libcr_c.a(initio.o)
                              c:/nxp/mcuxpressoide_10.2.1_795/ide/tools/bin/../lib/gcc/arm-none-eabi/7.2.1/../../../../arm-none-eabi/lib/thumb/v6-m\libcr_semihost_nf.a(_cr__main.o) (_initio)
c:/nxp/mcuxpressoide_10.2.1_795/ide/tools/bin/../lib/gcc/arm-none-eabi/7.2.1/../../../../arm-none-eabi/lib/thumb/v6-m\libcr_c.a(setvbuf.o)
                              c:/nxp/mcuxpressoide_10.2.1_795/ide/tools/bin/../lib/gcc/arm-none-eabi/7.2.1/../../../../arm-none-eabi/lib/thumb/v6-m\libcr_c.a(initio.o) (setvbuf)
c:/nxp/mcuxpressoide_10.2.1_795/ide/tools/bin/../lib/gcc/arm-none-eabi/7.2.1/../../../../arm-none-eabi/lib/thumb/v6-m\libcr_c.a(__init_alloc.o)
                              c:/nxp/mcuxpressoide_10.2.1_795/ide/tools/bin/../lib/gcc/arm-none-eabi/7.2.1/../../../../arm-none-eabi/lib/thumb/v6-m\libcr_c.a(alloc.o) (__heaps)
c:/nxp/mcuxpressoide_10.2.1_795/ide/tools/bin/../lib/gcc/arm-none-eabi/7.2.1/../../../../arm-none-eabi/lib/thumb/v6-m\libcr_c.a(_cr_sbrk.o)
[...]
Memory Configuration

Name             Origin             Length             Attributes
PROGRAM_FLASH    0x00000000         0x00020000         xr
SRAM             0x1ffff000         0x00004000         xrw
*default*        0x00000000         0xffffffff

Linker script and memory map

LOAD ./utilities/fsl_debug_console.o
LOAD ./startup/startup_mkl25z4.o
LOAD ./source/SistemaDinamico.o
LOAD ./source/mtb.o
LOAD ./source/semihost_hardfault.o
LOAD ./lib/Sistema.o
LOAD ./lib/adc.o
LOAD ./lib/dac.o
LOAD ./lib/gpio_x.o
LOAD ./freertos/croutine.o
LOAD ./freertos/event_groups.o
LOAD ./freertos/fsl_tickless_lptmr.o
LOAD ./freertos/fsl_tickless_systick.o
LOAD ./freertos/heap_4.o
LOAD ./freertos/list.o
LOAD ./freertos/port.o
LOAD ./freertos/queue.o
LOAD ./freertos/tasks.o
LOAD ./freertos/timers.o
LOAD ./drivers/fsl_clock.o
LOAD ./drivers/fsl_common.o
LOAD ./drivers/fsl_flash.o
LOAD ./drivers/fsl_gpio.o
LOAD ./drivers/fsl_lpsci.o
LOAD ./drivers/fsl_lpsci_freertos.o
LOAD ./drivers/fsl_smc.o
LOAD ./drivers/fsl_uart.o
LOAD ./drivers/fsl_uart_freertos.o
LOAD ./board/board.o
LOAD ./board/clock_config.o
LOAD ./board/peripherals.o
LOAD ./board/pin_mux.o
LOAD ./CMSIS/system_MKL25Z4.o
START GROUP
LOAD c:/nxp/mcuxpressoide_10.2.1_795/ide/tools/bin/../lib/gcc/arm-none-eabi/7.2.1/../../../../arm-none-eabi/lib/thumb/v6-m\libcr_semihost_nf.a
LOAD c:/nxp/mcuxpressoide_10.2.1_795/ide/tools/bin/../lib/gcc/arm-none-eabi/7.2.1/../../../../arm-none-eabi/lib/thumb/v6-m\libcr_c.a
LOAD c:/nxp/mcuxpressoide_10.2.1_795/ide/tools/bin/../lib/gcc/arm-none-eabi/7.2.1/thumb/v6-m\libcr_eabihelpers.a
END GROUP
                0x00000000                __base_PROGRAM_FLASH = 0x0
                0x00000000                __base_Flash = 0x0
                0x00020000                __top_PROGRAM_FLASH = 0x20000
                0x00020000                __top_Flash = 0x20000
                0x1ffff000                __base_SRAM = 0x1ffff000
                0x1ffff000                __base_RAM = 0x1ffff000
                0x20003000                __top_SRAM = 0x20003000
                0x20003000                __top_RAM = 0x20003000

.text           0x00000000     0x3484
 FILL mask 0xff
                0x00000000                __vectors_start__ = ABSOLUTE (.)
 *(.isr_vector)
 .isr_vector    0x00000000       0xc0 ./startup/startup_mkl25z4.o
                0x00000000                g_pfnVectors
                0x00000000                __Vectors
                0x000000c0                . = ALIGN (0x4)
                0x000000c0                __section_table_start = .
                0x000000c0                __data_section_table = .
                0x000000c0        0x4 LONG 0x3484 LOADADDR (.data)
                0x000000c4        0x4 LONG 0x1ffff080 ADDR (.data)
                0x000000c8        0x4 LONG 0x24 SIZEOF (.data)
                0x000000cc                __data_section_table_end = .
                0x000000cc                __bss_section_table = .
                0x000000cc        0x4 LONG 0x1ffff0a4 ADDR (.bss)
                0x000000d0        0x4 LONG 0x2a78 SIZEOF (.bss)
                0x000000d4                __bss_section_table_end = .
                0x000000d4                __section_table_end = .
 *(.after_vectors*)
 .after_vectors.init_data
                0x000000d4       0x16 ./startup/startup_mkl25z4.o
                0x000000d4                data_init
 .after_vectors.init_bss
                0x000000ea       0x12 ./startup/startup_mkl25z4.o
                0x000000ea                bss_init
 .after_vectors.reset
                0x000000fc       0x4c ./startup/startup_mkl25z4.o
                0x000000fc                ResetISR
 .after_vectors
                0x00000148      0x10c ./startup/startup_mkl25z4.o
                0x00000148                NMI_Handler
                0x00000152                I2C0_DriverIRQHandler
                0x00000152                DMA0_DriverIRQHandler
                0x00000152                SPI1_DriverIRQHandler
                0x00000152                LPTMR0_DriverIRQHandler
                0x00000152                Reserved39_DriverIRQHandler
                0x00000152                PIT_DriverIRQHandler
                0x00000152                PORTD_DriverIRQHandler
                0x00000152                DMA2_DriverIRQHandler
                0x00000152                CMP0_DriverIRQHandler
                0x00000152                TPM2_DriverIRQHandler
                0x00000152                ADC0_DriverIRQHandler
                0x00000152                SPI0_DriverIRQHandler
                0x00000152                TSI0_DriverIRQHandler
                0x00000152                RTC_Seconds_DriverIRQHandler
                0x00000152                I2C1_DriverIRQHandler
                0x00000152                DMA1_DriverIRQHandler
                0x00000152                LLWU_DriverIRQHandler
                0x00000152                MCG_DriverIRQHandler
                0x00000152                RTC_DriverIRQHandler
                0x00000152                TPM1_DriverIRQHandler
                0x00000152                PORTA_DriverIRQHandler
                0x00000152                FTFA_DriverIRQHandler
                0x00000152                IntDefaultHandler
                0x00000152                USB0_DriverIRQHandler
                0x00000152                DAC0_DriverIRQHandler
                0x00000152                Reserved45_DriverIRQHandler
                0x00000152                LVD_LVW_DriverIRQHandler
                0x00000152                TPM0_DriverIRQHandler
                0x00000152                DMA3_DriverIRQHandler
                0x00000152                Reserved20_DriverIRQHandler
                0x00000154                DMA0_IRQHandler
                0x0000015c                DMA1_IRQHandler
                0x00000164                DMA2_IRQHandler
                0x0000016c                DMA3_IRQHandler
                0x00000174                Reserved20_IRQHandler
                0x0000017c                FTFA_IRQHandler
                0x00000184                LVD_LVW_IRQHandler
                0x0000018c                LLWU_IRQHandler
                0x00000194                I2C0_IRQHandler
                0x0000019c                I2C1_IRQHandler
                0x000001a4                SPI0_IRQHandler
                0x000001ac                SPI1_IRQHandler
                0x000001b4                UART0_IRQHandler
                0x000001bc                UART1_IRQHandler
                0x000001c4                UART2_IRQHandler
                0x000001cc                ADC0_IRQHandler
                0x000001d4                CMP0_IRQHandler
                0x000001dc                TPM0_IRQHandler
                0x000001e4                TPM1_IRQHandler
                0x000001ec                TPM2_IRQHandler
                0x000001f4                RTC_IRQHandler
                0x000001fc                RTC_Seconds_IRQHandler
                0x00000204                PIT_IRQHandler
                0x0000020c                Reserved39_IRQHandler
                0x00000214                USB0_IRQHandler
                0x0000021c                DAC0_IRQHandler
                0x00000224                TSI0_IRQHandler
                0x0000022c                MCG_IRQHandler
                0x00000234                LPTMR0_IRQHandler
                0x0000023c                Reserved45_IRQHandler
                0x00000244                PORTA_IRQHandler
                0x0000024c                PORTD_IRQHandler
                0x00000400                . = 0x400
 *fill*         0x00000254      0x1ac ff
                0x00000400                PROVIDE (__FLASH_CONFIG_START__, .)
 *(.FlashConfig)
 .FlashConfig   0x00000400       0x10 ./startup/startup_mkl25z4.o
                0x00000400                Flash_Config
                0x00000410                PROVIDE (__FLASH_CONFIG_END__, .)
                0x00000001                ASSERT (! ((__FLASH_CONFIG_START__ == __FLASH_CONFIG_END__)), Linker Flash Config Support Enabled, but no .FlashConfig section provided within application)
 *(.text*)
 .text.sistema  0x00000410       0x7c ./source/SistemaDinamico.o
                0x00000410                sistema
 .text.main     0x0000048c       0x30 ./source/SistemaDinamico.o
                0x0000048c                main
 .text.HardFault_Handler
                0x000004bc       0x30 ./source/semihost_hardfault.o
                0x000004bc                HardFault_Handler
 .text.initSist
                0x000004ec       0x54 ./lib/Sistema.o
                0x000004ec                initSist
 .text.equacaoDiff
                0x00000540      0x1a8 ./lib/Sistema.o
                0x00000540                equacaoDiff
 .text.getTs    0x000006e8       0x14 ./lib/Sistema.o
                0x000006e8                getTs
 .text.adcInit  0x000006fc       0x3c ./lib/adc.o
                0x000006fc                adcInit
 .text.adcRead  0x00000738       0x40 ./lib/adc.o
                0x00000738                adcRead
 .text.dacInit  0x00000778       0x38 ./lib/dac.o
                0x00000778                dacInit
 .text.dacWrite
                0x000007b0       0x5c ./lib/dac.o
                0x000007b0                dacWrite
 .text.prvSetupTimerInterrupt
                0x0000080c       0x40 ./freertos/fsl_tickless_lptmr.o
                0x0000080c                prvSetupTimerInterrupt
 .text.pvPortMalloc
                0x0000084c      0x14c ./freertos/heap_4.o
                0x0000084c                pvPortMalloc
 .text.vPortFree
                0x00000998       0x90 ./freertos/heap_4.o
                0x00000998                vPortFree
 .text.prvHeapInit
                0x00000a28       0xc0 ./freertos/heap_4.o
 .text.prvInsertBlockIntoFreeList
                0x00000ae8       0xb0 ./freertos/heap_4.o
 .text.vListInitialise
                0x00000b98       0x3c ./freertos/list.o
                0x00000b98                vListInitialise
 .text.vListInitialiseItem
                0x00000bd4       0x16 ./freertos/list.o
                0x00000bd4                vListInitialiseItem
 .text.vListInsertEnd
                0x00000bea       0x44 ./freertos/list.o
                0x00000bea                vListInsertEnd
 .text.vListInsert
                0x00000c2e       0x6c ./freertos/list.o
                0x00000c2e                vListInsert
 .text.uxListRemove
                0x00000c9a       0x50 ./freertos/list.o
                0x00000c9a                uxListRemove
 *fill*         0x00000cea        0x2 ff
 .text.pxPortInitialiseStack
                0x00000cec       0x54 ./freertos/port.o
                0x00000cec                pxPortInitialiseStack
 .text.prvTaskExitError
                0x00000d40       0x18 ./freertos/port.o
 .text.SVC_Handler
                0x00000d58        0xa ./freertos/port.o
                0x00000d58                SVC_Handler
 *fill*         0x00000d62        0xe ff
 .text.vPortStartFirstTask
                0x00000d70       0x38 ./freertos/port.o
 .text.xPortStartScheduler
                0x00000da8       0x44 ./freertos/port.o
                0x00000da8                xPortStartScheduler
 .text.vPortYield
                0x00000dec       0x20 ./freertos/port.o
                0x00000dec                vPortYield
 .text.vPortEnterCritical
                0x00000e0c       0x24 ./freertos/port.o
                0x00000e0c                vPortEnterCritical
 .text.vPortExitCritical
                0x00000e30       0x30 ./freertos/port.o
                0x00000e30                vPortExitCritical
 .text.ulSetInterruptMaskFromISR
                0x00000e60        0xc ./freertos/port.o
                0x00000e60                ulSetInterruptMaskFromISR
 .text.vClearInterruptMaskFromISR
                0x00000e6c        0x8 ./freertos/port.o
                0x00000e6c                vClearInterruptMaskFromISR
 *fill*         0x00000e74        0xc ff
 .text.PendSV_Handler
                0x00000e80       0x48 ./freertos/port.o
                0x00000e80                PendSV_Handler
 .text.SysTick_Handler
                0x00000ec8       0x34 ./freertos/port.o
                0x00000ec8                SysTick_Handler
 .text.xQueueGenericReset
                0x00000efc       0xa8 ./freertos/queue.o
                0x00000efc                xQueueGenericReset
 .text.xQueueGenericCreate
                0x00000fa4       0x64 ./freertos/queue.o
                0x00000fa4                xQueueGenericCreate
 .text.prvInitialiseNewQueue
                0x00001008       0x4e ./freertos/queue.o
 .text.xQueueGenericSend
                0x00001056      0x188 ./freertos/queue.o
                0x00001056                xQueueGenericSend
 .text.xQueueGenericSendFromISR
                0x000011de       0xe2 ./freertos/queue.o
                0x000011de                xQueueGenericSendFromISR
 .text.xQueueGenericReceive
                0x000012c0      0x1c8 ./freertos/queue.o
                0x000012c0                xQueueGenericReceive
 .text.prvCopyDataToQueue
                0x00001488       0xd6 ./freertos/queue.o
 .text.prvCopyDataFromQueue
                0x0000155e       0x4c ./freertos/queue.o
 .text.prvUnlockQueue
                0x000015aa       0xbc ./freertos/queue.o
 .text.prvIsQueueEmpty
                0x00001666       0x2c ./freertos/queue.o
 .text.prvIsQueueFull
                0x00001692       0x30 ./freertos/queue.o
 *fill*         0x000016c2        0x2 ff
 .text.vQueueAddToRegistry
                0x000016c4       0x50 ./freertos/queue.o
                0x000016c4                vQueueAddToRegistry
 .text.vQueueWaitForMessageRestricted
                0x00001714       0x66 ./freertos/queue.o
                0x00001714                vQueueWaitForMessageRestricted
 .text.xTaskCreate
                0x0000177a       0x90 ./freertos/tasks.o
                0x0000177a                xTaskCreate
 *fill*         0x0000180a        0x2 ff
 .text.prvInitialiseNewTask
                0x0000180c      0x120 ./freertos/tasks.o
 .text.prvAddNewTaskToReadyList
                0x0000192c       0xd0 ./freertos/tasks.o
 .text.vTaskDelayUntil
                0x000019fc       0xb8 ./freertos/tasks.o
                0x000019fc                vTaskDelayUntil
 .text.vTaskStartScheduler
                0x00001ab4       0x78 ./freertos/tasks.o
                0x00001ab4                vTaskStartScheduler
 .text.vTaskSuspendAll
                0x00001b2c       0x18 ./freertos/tasks.o
                0x00001b2c                vTaskSuspendAll
 .text.xTaskResumeAll
                0x00001b44      0x118 ./freertos/tasks.o
                0x00001b44                xTaskResumeAll
 .text.xTaskGetTickCount
                0x00001c5c       0x1c ./freertos/tasks.o
                0x00001c5c                xTaskGetTickCount
 .text.xTaskIncrementTick
                0x00001c78      0x14c ./freertos/tasks.o
                0x00001c78                xTaskIncrementTick
 .text.vTaskSwitchContext
                0x00001dc4       0xa4 ./freertos/tasks.o
                0x00001dc4                vTaskSwitchContext
 .text.vTaskPlaceOnEventList
                0x00001e68       0x3c ./freertos/tasks.o
                0x00001e68                vTaskPlaceOnEventList
 .text.vTaskPlaceOnEventListRestricted
                0x00001ea4       0x4c ./freertos/tasks.o
                0x00001ea4                vTaskPlaceOnEventListRestricted
 .text.xTaskRemoveFromEventList
                0x00001ef0       0xb8 ./freertos/tasks.o
                0x00001ef0                xTaskRemoveFromEventList
 .text.vTaskSetTimeOutState
                0x00001fa8       0x34 ./freertos/tasks.o
                0x00001fa8                vTaskSetTimeOutState
 .text.xTaskCheckForTimeOut
                0x00001fdc       0x9c ./freertos/tasks.o
                0x00001fdc                xTaskCheckForTimeOut
 .text.vTaskMissedYield
                0x00002078       0x14 ./freertos/tasks.o
                0x00002078                vTaskMissedYield
 .text.prvIdleTask
                0x0000208c       0x20 ./freertos/tasks.o
 .text.prvInitialiseTaskLists
                0x000020ac       0x88 ./freertos/tasks.o
 .text.prvCheckTasksWaitingTermination
                0x00002134       0x74 ./freertos/tasks.o
 .text.prvDeleteTCB
                0x000021a8       0x22 ./freertos/tasks.o
 *fill*         0x000021ca        0x2 ff
 .text.prvResetNextTaskUnblockTime
                0x000021cc       0x48 ./freertos/tasks.o
 .text.xTaskGetSchedulerState
                0x00002214       0x38 ./freertos/tasks.o
                0x00002214                xTaskGetSchedulerState
 .text.vTaskPriorityInherit
                0x0000224c       0xbc ./freertos/tasks.o
                0x0000224c                vTaskPriorityInherit
 .text.xTaskPriorityDisinherit
                0x00002308       0xb8 ./freertos/tasks.o
                0x00002308                xTaskPriorityDisinherit
 .text.pvTaskIncrementMutexHeldCount
                0x000023c0       0x24 ./freertos/tasks.o
                0x000023c0                pvTaskIncrementMutexHeldCount
 .text.prvAddCurrentTaskToDelayedList
                0x000023e4       0xa8 ./freertos/tasks.o
 .text.xTimerCreateTimerTask
                0x0000248c       0x54 ./freertos/timers.o
                0x0000248c                xTimerCreateTimerTask
 .text.xTimerGenericCommand
                0x000024e0       0x98 ./freertos/timers.o
                0x000024e0                xTimerGenericCommand
 .text.prvProcessExpiredTimer
                0x00002578       0x70 ./freertos/timers.o
 .text.prvTimerTask
                0x000025e8       0x28 ./freertos/timers.o
 .text.prvProcessTimerOrBlockTask
                0x00002610       0x8c ./freertos/timers.o
 .text.prvGetNextExpireTime
                0x0000269c       0x40 ./freertos/timers.o
 .text.prvSampleTimeNow
                0x000026dc       0x40 ./freertos/timers.o
 .text.prvInsertTimerInActiveList
                0x0000271c       0x84 ./freertos/timers.o
 .text.prvProcessReceivedCommands
                0x000027a0      0x12c ./freertos/timers.o
 .text.prvSwitchTimerLists
                0x000028cc       0xb4 ./freertos/timers.o
 .text.prvCheckForValidListAndQueue
                0x00002980       0x74 ./freertos/timers.o
 .text.UART0_DriverIRQHandler
                0x000029f4       0x24 ./drivers/fsl_lpsci.o
                0x000029f4                UART0_DriverIRQHandler
 .text.UART1_DriverIRQHandler
                0x00002a18       0x24 ./drivers/fsl_uart.o
                0x00002a18                UART1_DriverIRQHandler
 .text.UART2_DriverIRQHandler
                0x00002a3c       0x24 ./drivers/fsl_uart.o
                0x00002a3c                UART2_DriverIRQHandler
 .text.SystemInit
                0x00002a60       0x18 ./CMSIS/system_MKL25Z4.o
                0x00002a60                SystemInit
 .text.__main   0x00002a78        0xc c:/nxp/mcuxpressoide_10.2.1_795/ide/tools/bin/../lib/gcc/arm-none-eabi/7.2.1/../../../../arm-none-eabi/lib/thumb/v6-m\libcr_semihost_nf.a(_cr__main.o)
                0x00002a78                __CR_SEMIHOST
                0x00002a78                __main
 .text.memcpy   0x00002a84        0x8 c:/nxp/mcuxpressoide_10.2.1_795/ide/tools/bin/../lib/gcc/arm-none-eabi/7.2.1/../../../../arm-none-eabi/lib/thumb/v6-m\libcr_c.a(memcpy.o)
                0x00002a84                memcpy
 .text.memset   0x00002a8c        0x8 c:/nxp/mcuxpressoide_10.2.1_795/ide/tools/bin/../lib/gcc/arm-none-eabi/7.2.1/../../../../arm-none-eabi/lib/thumb/v6-m\libcr_c.a(memset.o)
                0x00002a8c                memset
 .text._deferredlazyseek
                0x00002a94       0x40 c:/nxp/mcuxpressoide_10.2.1_795/ide/tools/bin/../lib/gcc/arm-none-eabi/7.2.1/../../../../arm-none-eabi/lib/thumb/v6-m\libcr_c.a(_deferredlazyseek.o)
                0x00002a94                _deferredlazyseek
 .text._fflush  0x00002ad4       0x5c c:/nxp/mcuxpressoide_10.2.1_795/ide/tools/bin/../lib/gcc/arm-none-eabi/7.2.1/../../../../arm-none-eabi/lib/thumb/v6-m\libcr_c.a(_fflush.o)
                0x00002ad4                _fflush
 .text._Cwritebuf
                0x00002b30       0x68 c:/nxp/mcuxpressoide_10.2.1_795/ide/tools/bin/../lib/gcc/arm-none-eabi/7.2.1/../../../../arm-none-eabi/lib/thumb/v6-m\libcr_c.a(_writebuf.o)
                0x00002b30                _Cwritebuf
 .text.free     0x00002b98       0x2c c:/nxp/mcuxpressoide_10.2.1_795/ide/tools/bin/../lib/gcc/arm-none-eabi/7.2.1/../../../../arm-none-eabi/lib/thumb/v6-m\libcr_c.a(alloc.o)
                0x00002b98                free
 .text.fseek    0x00002bc4       0xf0 c:/nxp/mcuxpressoide_10.2.1_795/ide/tools/bin/../lib/gcc/arm-none-eabi/7.2.1/../../../../arm-none-eabi/lib/thumb/v6-m\libcr_c.a(fseek.o)
                0x00002bc4                fseek
 .text.ftell    0x00002cb4       0x48 c:/nxp/mcuxpressoide_10.2.1_795/ide/tools/bin/../lib/gcc/arm-none-eabi/7.2.1/../../../../arm-none-eabi/lib/thumb/v6-m\libcr_c.a(ftell.o)
                0x00002cb4                ftell
 .text._initio  0x00002cfc       0x7c c:/nxp/mcuxpressoide_10.2.1_795/ide/tools/bin/../lib/gcc/arm-none-eabi/7.2.1/../../../../arm-none-eabi/lib/thumb/v6-m\libcr_c.a(initio.o)
                0x00002cfc                _initio
 .text.setvbuf  0x00002d78       0x48 c:/nxp/mcuxpressoide_10.2.1_795/ide/tools/bin/../lib/gcc/arm-none-eabi/7.2.1/../../../../arm-none-eabi/lib/thumb/v6-m\libcr_c.a(setvbuf.o)
                0x00002d78                setvbuf
 .text._fdopen  0x00002dc0       0x74 c:/nxp/mcuxpressoide_10.2.1_795/ide/tools/bin/../lib/gcc/arm-none-eabi/7.2.1/../../../../arm-none-eabi/lib/thumb/v6-m\libcr_c.a(_fdopen.o)
                0x00002dc0                _fdopen
 .text.fclose   0x00002e34       0x5c c:/nxp/mcuxpressoide_10.2.1_795/ide/tools/bin/../lib/gcc/arm-none-eabi/7.2.1/../../../../arm-none-eabi/lib/thumb/v6-m\libcr_c.a(fclose.o)
                0x00002e34                fclose
 .text.fflush   0x00002e90       0x44 c:/nxp/mcuxpressoide_10.2.1_795/ide/tools/bin/../lib/gcc/arm-none-eabi/7.2.1/../../../../arm-none-eabi/lib/thumb/v6-m\libcr_c.a(fflush.o)
                0x00002e90                fflush
 .text.remove   0x00002ed4       0x12 c:/nxp/mcuxpressoide_10.2.1_795/ide/tools/bin/../lib/gcc/arm-none-eabi/7.2.1/../../../../arm-none-eabi/lib/thumb/v6-m\libcr_c.a(remove.o)
                0x00002ed4                remove
 *fill*         0x00002ee6        0x2 ff
 .text.strlen   0x00002ee8       0x58 c:/nxp/mcuxpressoide_10.2.1_795/ide/tools/bin/../lib/gcc/arm-none-eabi/7.2.1/../../../../arm-none-eabi/lib/thumb/v6-m\libcr_c.a(strlen.o)
                0x00002ee8                strlen
 .text._do_fflush
                0x00002f40       0x44 c:/nxp/mcuxpressoide_10.2.1_795/ide/tools/bin/../lib/gcc/arm-none-eabi/7.2.1/../../../../arm-none-eabi/lib/thumb/v6-m\libcr_c.a(_do_fflush.o)
                0x00002f40                _do_fflush
 .text.__aeabi_division_idivmod
                0x00002f84       0x78 c:/nxp/mcuxpressoide_10.2.1_795/ide/tools/bin/../lib/gcc/arm-none-eabi/7.2.1/thumb/v6-m\libcr_eabihelpers.a(division_32.o)
                0x00002f84                __aeabi_idivmod
                0x00002f84                __aeabi_idiv
                0x00002f8a                __aeabi_uidivmod
                0x00002f8a                __aeabi_uidiv
 .text.__aeabi_division_idiv0
                0x00002ffc        0x2 c:/nxp/mcuxpressoide_10.2.1_795/ide/tools/bin/../lib/gcc/arm-none-eabi/7.2.1/thumb/v6-m\libcr_eabihelpers.a(division_idiv0.o)
                0x00002ffc                __aeabi_idiv0
 *fill*         0x00002ffe        0x2 ff
 .text.__aeabi_fmul
                0x00003000       0xc4 c:/nxp/mcuxpressoide_10.2.1_795/ide/tools/bin/../lib/gcc/arm-none-eabi/7.2.1/thumb/v6-m\libcr_eabihelpers.a(float.o)
                0x00003000                __aeabi_fmul
 .text.__aeabi_fsub
                0x000030c4      0x130 c:/nxp/mcuxpressoide_10.2.1_795/ide/tools/bin/../lib/gcc/arm-none-eabi/7.2.1/thumb/v6-m\libcr_eabihelpers.a(float.o)
                0x000030c4                __aeabi_fsub
 .text.__aeabi_fadd
                0x000031f4       0xb0 c:/nxp/mcuxpressoide_10.2.1_795/ide/tools/bin/../lib/gcc/arm-none-eabi/7.2.1/thumb/v6-m\libcr_eabihelpers.a(float.o)
                0x000031f4                __aeabi_fadd
 .text.__aeabi_f2uiz
                0x000032a4       0x2a c:/nxp/mcuxpressoide_10.2.1_795/ide/tools/bin/../lib/gcc/arm-none-eabi/7.2.1/thumb/v6-m\libcr_eabihelpers.a(float.o)
                0x000032a4                __aeabi_f2uiz
 .text.__bhs_ui2f
                0x000032ce       0x62 c:/nxp/mcuxpressoide_10.2.1_795/ide/tools/bin/../lib/gcc/arm-none-eabi/7.2.1/thumb/v6-m\libcr_eabihelpers.a(float.o)
                0x000032ce                __bhs_ui2f
 .text.__aeabi_i2f
                0x00003330       0x18 c:/nxp/mcuxpressoide_10.2.1_795/ide/tools/bin/../lib/gcc/arm-none-eabi/7.2.1/thumb/v6-m\libcr_eabihelpers.a(float.o)
                0x00003330                __aeabi_i2f
 .text.__aeabi_ui2f
                0x00003348        0xc c:/nxp/mcuxpressoide_10.2.1_795/ide/tools/bin/../lib/gcc/arm-none-eabi/7.2.1/thumb/v6-m\libcr_eabihelpers.a(float.o)
                0x00003348                __aeabi_ui2f
 .text.__aeabi_llong_lmul
                0x00003354       0x2e c:/nxp/mcuxpressoide_10.2.1_795/ide/tools/bin/../lib/gcc/arm-none-eabi/7.2.1/thumb/v6-m\libcr_eabihelpers.a(llong.o)
                0x00003354                __aeabi_lmul
 .text.__aeabi_memcpy
                0x00003382       0x2c c:/nxp/mcuxpressoide_10.2.1_795/ide/tools/bin/../lib/gcc/arm-none-eabi/7.2.1/thumb/v6-m\libcr_eabihelpers.a(memcpy.o)
                0x00003382                __aeabi_memcpy4
                0x00003382                __aeabi_memcpy8
                0x00003382                __aeabi_memcpy
 .text.__aeabi_memset_lowlevel
                0x000033ae       0x2a c:/nxp/mcuxpressoide_10.2.1_795/ide/tools/bin/../lib/gcc/arm-none-eabi/7.2.1/thumb/v6-m\libcr_eabihelpers.a(memcpy.o)
                0x000033ae                __aeabi_lowlevel_memset
 .text.__sys_close
                0x000033d8        0xc c:/nxp/mcuxpressoide_10.2.1_795/ide/tools/bin/../lib/gcc/arm-none-eabi/7.2.1/../../../../arm-none-eabi/lib/thumb/v6-m\libcr_semihost_nf.a(__sys_close.o)
                0x000033d8                __sys_close
 .text.__sys_flen
                0x000033e4        0xc c:/nxp/mcuxpressoide_10.2.1_795/ide/tools/bin/../lib/gcc/arm-none-eabi/7.2.1/../../../../arm-none-eabi/lib/thumb/v6-m\libcr_semihost_nf.a(__sys_flen.o)
                0x000033e4                __sys_flen
 .text.__sys_istty
                0x000033f0        0xc c:/nxp/mcuxpressoide_10.2.1_795/ide/tools/bin/../lib/gcc/arm-none-eabi/7.2.1/../../../../arm-none-eabi/lib/thumb/v6-m\libcr_semihost_nf.a(__sys_istty.o)
                0x000033f0                __sys_istty
 .text.__sys_remove
                0x000033fc        0xc c:/nxp/mcuxpressoide_10.2.1_795/ide/tools/bin/../lib/gcc/arm-none-eabi/7.2.1/../../../../arm-none-eabi/lib/thumb/v6-m\libcr_semihost_nf.a(__sys_remove.o)
                0x000033fc                __sys_remove
 .text.__sys_seek
                0x00003408        0xc c:/nxp/mcuxpressoide_10.2.1_795/ide/tools/bin/../lib/gcc/arm-none-eabi/7.2.1/../../../../arm-none-eabi/lib/thumb/v6-m\libcr_semihost_nf.a(__sys_seek.o)
                0x00003408                __sys_seek
 .text.__sys_tmpnam
                0x00003414        0xc c:/nxp/mcuxpressoide_10.2.1_795/ide/tools/bin/../lib/gcc/arm-none-eabi/7.2.1/../../../../arm-none-eabi/lib/thumb/v6-m\libcr_semihost_nf.a(__sys_tmpnam.o)
                0x00003414                __sys_tmpnam
 .text.__sys_write
                0x00003420        0xc c:/nxp/mcuxpressoide_10.2.1_795/ide/tools/bin/../lib/gcc/arm-none-eabi/7.2.1/../../../../arm-none-eabi/lib/thumb/v6-m\libcr_semihost_nf.a(__sys_write.o)
                0x00003420                __sys_write
 *(.rodata .rodata.* .constdata .constdata.*)
 .rodata        0x0000342c        0xd ./source/SistemaDinamico.o
 *fill*         0x00003439        0x3 ff
 .rodata        0x0000343c        0x5 ./freertos/tasks.o
 *fill*         0x00003441        0x3 ff
 .rodata        0x00003444        0xd ./freertos/timers.o
 *fill*         0x00003451        0x3 ff
 .rodata.prvProcessReceivedCommands
                0x00003454       0x28 ./freertos/timers.o
 .rodata.__num_Ciob_streams
                0x0000347c        0x4 c:/nxp/mcuxpressoide_10.2.1_795/ide/tools/bin/../lib/gcc/arm-none-eabi/7.2.1/../../../../arm-none-eabi/lib/thumb/v6-m\libcr_semihost_nf.a(__ciob.o)
                0x0000347c                __num_Ciob_streams
 .rodata._initio.str1.1
                0x00003480        0x4 c:/nxp/mcuxpressoide_10.2.1_795/ide/tools/bin/../lib/gcc/arm-none-eabi/7.2.1/../../../../arm-none-eabi/lib/thumb/v6-m\libcr_c.a(initio.o)
                0x00003484                . = ALIGN (0x4)

.glue_7         0x00003484        0x0
 .glue_7        0x00003484        0x0 linker stubs

.glue_7t        0x00003484        0x0
 .glue_7t       0x00003484        0x0 linker stubs

.vfp11_veneer   0x00003484        0x0
 .vfp11_veneer  0x00003484        0x0 linker stubs

.v4_bx          0x00003484        0x0
 .v4_bx         0x00003484        0x0 linker stubs

.iplt           0x00003484        0x0
 .iplt          0x00003484        0x0 ./startup/startup_mkl25z4.o

.rel.dyn        0x00003484        0x0
 .rel.iplt      0x00003484        0x0 ./startup/startup_mkl25z4.o

.ARM.extab
 *(.ARM.extab* .gnu.linkonce.armextab.*)
                0x00003484                __exidx_start = .

.ARM.exidx
 *(.ARM.exidx* .gnu.linkonce.armexidx.*)
                0x00003484                __exidx_end = .
                0x00003484                _etext = .

.m_usb_data
 *(m_usb_bdt)

.mtb_buffer_default
                0x1ffff000       0x80
 *(.mtb*)
 .mtb.$RAM1     0x1ffff000       0x80 ./source/mtb.o
                0x1ffff000                __mtb_buffer__

.uninit_RESERVED
                0x1ffff080        0x0
 *(.bss.$RESERVED*)
                0x1ffff080                . = ALIGN (0x4)
                0x1ffff080                _end_uninit_RESERVED = .

.data           0x1ffff080       0x24 load address 0x00003484
 FILL mask 0xff
                0x1ffff080                _data = .
 *(vtable)
 *(.ramfunc*)
 *(.data*)
 .data.ts       0x1ffff080        0x2 ./lib/Sistema.o
                0x1ffff080                ts
 *fill*         0x1ffff082        0x2 ff
 .data.coefx    0x1ffff084        0xc ./lib/Sistema.o
                0x1ffff084                coefx
 .data.coefy    0x1ffff090        0xc ./lib/Sistema.o
                0x1ffff090                coefy
 .data.uxCriticalNesting
                0x1ffff09c        0x4 ./freertos/port.o
 .data.SystemCoreClock
                0x1ffff0a0        0x4 ./CMSIS/system_MKL25Z4.o
                0x1ffff0a0                SystemCoreClock
                0x1ffff0a4                . = ALIGN (0x4)
                0x1ffff0a4                _edata = .

.igot.plt       0x1ffff0a4        0x0 load address 0x000034a8
 .igot.plt      0x1ffff0a4        0x0 ./startup/startup_mkl25z4.o

.bss            0x1ffff0a4     0x2a78 load address 0x000034a8
                0x1ffff0a4                _bss = .
 *(.bss*)
 .bss.entrada   0x1ffff0a4        0x6 ./lib/Sistema.o
                0x1ffff0a4                entrada
 *fill*         0x1ffff0aa        0x2 
 .bss.saida     0x1ffff0ac        0x6 ./lib/Sistema.o
                0x1ffff0ac                saida
 .bss.atual     0x1ffff0b2        0x2 ./lib/Sistema.o
                0x1ffff0b2                atual
 .bss.ucHeap    0x1ffff0b4     0x2800 ./freertos/heap_4.o
 .bss.xStart    0x200018b4        0x8 ./freertos/heap_4.o
 .bss.pxEnd     0x200018bc        0x4 ./freertos/heap_4.o
 .bss.xFreeBytesRemaining
                0x200018c0        0x4 ./freertos/heap_4.o
 .bss.xMinimumEverFreeBytesRemaining
                0x200018c4        0x4 ./freertos/heap_4.o
 .bss.xBlockAllocatedBit
                0x200018c8        0x4 ./freertos/heap_4.o
 .bss.xQueueRegistry
                0x200018cc       0x40 ./freertos/queue.o
                0x200018cc                xQueueRegistry
 .bss.pxCurrentTCB
                0x2000190c        0x4 ./freertos/tasks.o
                0x2000190c                pxCurrentTCB
 .bss.pxReadyTasksLists
                0x20001910       0x64 ./freertos/tasks.o
 .bss.xDelayedTaskList1
                0x20001974       0x14 ./freertos/tasks.o
 .bss.xDelayedTaskList2
                0x20001988       0x14 ./freertos/tasks.o
 .bss.pxDelayedTaskList
                0x2000199c        0x4 ./freertos/tasks.o
 .bss.pxOverflowDelayedTaskList
                0x200019a0        0x4 ./freertos/tasks.o
 .bss.xPendingReadyList
                0x200019a4       0x14 ./freertos/tasks.o
 .bss.xTasksWaitingTermination
                0x200019b8       0x14 ./freertos/tasks.o
 .bss.uxDeletedTasksWaitingCleanUp
                0x200019cc        0x4 ./freertos/tasks.o
 .bss.xSuspendedTaskList
                0x200019d0       0x14 ./freertos/tasks.o
 .bss.uxCurrentNumberOfTasks
                0x200019e4        0x4 ./freertos/tasks.o
 .bss.xTickCount
                0x200019e8        0x4 ./freertos/tasks.o
 .bss.uxTopReadyPriority
                0x200019ec        0x4 ./freertos/tasks.o
 .bss.xSchedulerRunning
                0x200019f0        0x4 ./freertos/tasks.o
 .bss.uxPendedTicks
                0x200019f4        0x4 ./freertos/tasks.o
 .bss.xYieldPending
                0x200019f8        0x4 ./freertos/tasks.o
 .bss.xNumOfOverflows
                0x200019fc        0x4 ./freertos/tasks.o
 .bss.uxTaskNumber
                0x20001a00        0x4 ./freertos/tasks.o
 .bss.xNextTaskUnblockTime
                0x20001a04        0x4 ./freertos/tasks.o
 .bss.xIdleTaskHandle
                0x20001a08        0x4 ./freertos/tasks.o
 .bss.uxSchedulerSuspended
                0x20001a0c        0x4 ./freertos/tasks.o
 .bss.xActiveTimerList1
                0x20001a10       0x14 ./freertos/timers.o
 .bss.xActiveTimerList2
                0x20001a24       0x14 ./freertos/timers.o
 .bss.pxCurrentTimerList
                0x20001a38        0x4 ./freertos/timers.o
 .bss.pxOverflowTimerList
                0x20001a3c        0x4 ./freertos/timers.o
 .bss.xTimerQueue
                0x20001a40        0x4 ./freertos/timers.o
 .bss.xTimerTaskHandle
                0x20001a44        0x4 ./freertos/timers.o
 .bss.xLastTime.4533
                0x20001a48        0x4 ./freertos/timers.o
 .bss.s_lpsciHandle
                0x20001a4c        0x4 ./drivers/fsl_lpsci.o
 .bss.s_lpsciIsr
                0x20001a50        0x4 ./drivers/fsl_lpsci.o
 .bss.s_uartHandle
                0x20001a54        0xc ./drivers/fsl_uart.o
 .bss.s_uartIsr
                0x20001a60        0x4 ./drivers/fsl_uart.o
 .bss.__Ciob    0x20001a64       0xb4 c:/nxp/mcuxpressoide_10.2.1_795/ide/tools/bin/../lib/gcc/arm-none-eabi/7.2.1/../../../../arm-none-eabi/lib/thumb/v6-m\libcr_semihost_nf.a(__ciob.o)
                0x20001a64                __Ciob
 .bss.errno     0x20001b18        0x4 c:/nxp/mcuxpressoide_10.2.1_795/ide/tools/bin/../lib/gcc/arm-none-eabi/7.2.1/../../../../arm-none-eabi/lib/thumb/v6-m\libcr_c.a(errno.o)
                0x20001b18                errno
 *(COMMON)
                0x20001b1c                . = ALIGN (0x4)
                0x20001b1c                _ebss = .
                [!provide]                PROVIDE (end, .)

.noinit         0x20001b1c        0x0 load address 0x000034a8
                0x20001b1c                _noinit = .
 *(.noinit*)
                0x20001b1c                . = ALIGN (0x4)
                0x20001b1c                _end_noinit = .
                0x00000400                _HeapSize = 0x400

.heap           0x20001b1c      0x400 load address 0x000034a8
                0x20001b1c                _pvHeapStart = .
                0x20001f1c                . = (. + _HeapSize)
 *fill*         0x20001b1c      0x400 
                0x20001f1c                . = ALIGN (0x4)
                0x20001f1c                _pvHeapLimit = .
                0x00000400                _StackSize = 0x400

.heap2stackfill
                0x20001f1c      0x400 load address 0x000034a8
                0x2000231c                . = (. + _StackSize)
 *fill*         0x20001f1c      0x400 

.stack          0x20002c00        0x0
                0x20002c00                _vStackBase = .
                0x20002c00                . = ALIGN (0x4)
                0x20003000                _vStackTop = (. + _StackSize)
                0x00000000                _image_start = LOADADDR (.text)
                0x000034a8                _image_end = (LOADADDR (.data) + SIZEOF (.data))
                0x000034a8                _image_size = (_image_end - _image_start)
OUTPUT(SistemaDinamico.axf elf32-littlearm)

.debug_info     0x00000000     0x74cd
 .debug_info    0x00000000      0x49b ./startup/startup_mkl25z4.o
 .debug_info    0x0000049b      0x149 ./source/SistemaDinamico.o
 .debug_info    0x000005e4       0x52 ./source/mtb.o
 .debug_info    0x00000636       0x3b ./source/semihost_hardfault.o
 .debug_info    0x00000671      0x1e7 ./lib/Sistema.o
 .debug_info    0x00000858      0x486 ./lib/adc.o
 .debug_info    0x00000cde      0x398 ./lib/dac.o
 .debug_info    0x00001076       0xe5 ./freertos/fsl_tickless_lptmr.o
 .debug_info    0x0000115b      0x30e ./freertos/heap_4.o
 .debug_info    0x00001469      0x2c4 ./freertos/list.o
 .debug_info    0x0000172d      0x25e ./freertos/port.o
 .debug_info    0x0000198b      0xe2c ./freertos/queue.o
 .debug_info    0x000027b7     0x1768 ./freertos/tasks.o
 .debug_info    0x00003f1f      0xaee ./freertos/timers.o
 .debug_info    0x00004a0d     0x138c ./drivers/fsl_lpsci.o
 .debug_info    0x00005d99     0x1336 ./drivers/fsl_uart.o
 .debug_info    0x000070cf      0x3fe ./CMSIS/system_MKL25Z4.o

.debug_abbrev   0x00000000     0x1853
 .debug_abbrev  0x00000000      0x16d ./startup/startup_mkl25z4.o
 .debug_abbrev  0x0000016d       0xd1 ./source/SistemaDinamico.o
 .debug_abbrev  0x0000023e       0x44 ./source/mtb.o
 .debug_abbrev  0x00000282       0x2f ./source/semihost_hardfault.o
 .debug_abbrev  0x000002b1      0x11c ./lib/Sistema.o
 .debug_abbrev  0x000003cd      0x12f ./lib/adc.o
 .debug_abbrev  0x000004fc      0x12d ./lib/dac.o
 .debug_abbrev  0x00000629       0x92 ./freertos/fsl_tickless_lptmr.o
 .debug_abbrev  0x000006bb      0x187 ./freertos/heap_4.o
 .debug_abbrev  0x00000842      0x112 ./freertos/list.o
 .debug_abbrev  0x00000954      0x195 ./freertos/port.o
 .debug_abbrev  0x00000ae9      0x1ee ./freertos/queue.o
 .debug_abbrev  0x00000cd7      0x291 ./freertos/tasks.o
 .debug_abbrev  0x00000f68      0x1fd ./freertos/timers.o
 .debug_abbrev  0x00001165      0x2cd ./drivers/fsl_lpsci.o
 .debug_abbrev  0x00001432      0x2e5 ./drivers/fsl_uart.o
 .debug_abbrev  0x00001717      0x13c ./CMSIS/system_MKL25Z4.o

.debug_aranges  0x00000000      0x9a8
 .debug_aranges
                0x00000000      0x160 ./startup/startup_mkl25z4.o
 .debug_aranges
                0x00000160       0x28 ./source/SistemaDinamico.o
 .debug_aranges
                0x00000188       0x18 ./source/mtb.o
 .debug_aranges
                0x000001a0       0x20 ./source/semihost_hardfault.o
 .debug_aranges
                0x000001c0       0x30 ./lib/Sistema.o
 .debug_aranges
                0x000001f0       0x28 ./lib/adc.o
 .debug_aranges
                0x00000218       0x28 ./lib/dac.o
 .debug_aranges
                0x00000240       0x20 ./freertos/fsl_tickless_lptmr.o
 .debug_aranges
                0x00000260       0x50 ./freertos/heap_4.o
 .debug_aranges
                0x000002b0       0x40 ./freertos/list.o
 .debug_aranges
                0x000002f0       0x80 ./freertos/port.o
 .debug_aranges
                0x00000370      0x118 ./freertos/queue.o
 .debug_aranges
                0x00000488      0x1e8 ./freertos/tasks.o
 .debug_aranges
                0x00000670       0xc8 ./freertos/timers.o
 .debug_aranges
                0x00000738      0x118 ./drivers/fsl_lpsci.o
 .debug_aranges
                0x00000850      0x130 ./drivers/fsl_uart.o
 .debug_aranges
                0x00000980       0x28 ./CMSIS/system_MKL25Z4.o

.debug_ranges   0x00000000      0x890
 .debug_ranges  0x00000000      0x150 ./startup/startup_mkl25z4.o
 .debug_ranges  0x00000150       0x18 ./source/SistemaDinamico.o
 .debug_ranges  0x00000168       0x10 ./source/semihost_hardfault.o
 .debug_ranges  0x00000178       0x20 ./lib/Sistema.o
 .debug_ranges  0x00000198       0x18 ./lib/adc.o
 .debug_ranges  0x000001b0       0x18 ./lib/dac.o
 .debug_ranges  0x000001c8       0x10 ./freertos/fsl_tickless_lptmr.o
 .debug_ranges  0x000001d8       0x40 ./freertos/heap_4.o
 .debug_ranges  0x00000218       0x30 ./freertos/list.o
 .debug_ranges  0x00000248       0x70 ./freertos/port.o
 .debug_ranges  0x000002b8      0x108 ./freertos/queue.o
 .debug_ranges  0x000003c0      0x1d8 ./freertos/tasks.o
 .debug_ranges  0x00000598       0xb8 ./freertos/timers.o
 .debug_ranges  0x00000650      0x108 ./drivers/fsl_lpsci.o
 .debug_ranges  0x00000758      0x120 ./drivers/fsl_uart.o
 .debug_ranges  0x00000878       0x18 ./CMSIS/system_MKL25Z4.o

.debug_macro    0x00000000     0x186c
 .debug_macro   0x00000000       0x29 ./startup/startup_mkl25z4.o
 .debug_macro   0x00000029      0x128 ./source/SistemaDinamico.o
 .debug_macro   0x00000151       0x16 ./source/SistemaDinamico.o
 .debug_macro   0x00000167      0x18b ./source/SistemaDinamico.o
 .debug_macro   0x000002f2      0x168 ./source/SistemaDinamico.o
 .debug_macro   0x0000045a       0xb6 ./source/SistemaDinamico.o
 .debug_macro   0x00000510       0x10 ./source/SistemaDinamico.o
 .debug_macro   0x00000520       0x1f ./source/SistemaDinamico.o
 .debug_macro   0x0000053f      0x361 ./source/SistemaDinamico.o
 .debug_macro   0x000008a0       0xc0 ./source/SistemaDinamico.o
 .debug_macro   0x00000960       0x8c ./source/SistemaDinamico.o
 .debug_macro   0x000009ec       0x70 ./source/SistemaDinamico.o
 .debug_macro   0x00000a5c       0x22 ./source/SistemaDinamico.o
 .debug_macro   0x00000a7e       0x2f ./source/mtb.o
 .debug_macro   0x00000aad       0x82 ./source/mtb.o
 .debug_macro   0x00000b2f       0x10 ./source/mtb.o
 .debug_macro   0x00000b3f       0x11 ./source/semihost_hardfault.o
 .debug_macro   0x00000b50       0xb6 ./lib/Sistema.o
 .debug_macro   0x00000c06       0x34 ./lib/Sistema.o
 .debug_macro   0x00000c3a       0xa9 ./lib/adc.o
 .debug_macro   0x00000ce3       0x6a ./lib/adc.o
 .debug_macro   0x00000d4d       0xa9 ./lib/dac.o
 .debug_macro   0x00000df6       0x1c ./lib/dac.o
 .debug_macro   0x00000e12       0xbd ./freertos/fsl_tickless_lptmr.o
 .debug_macro   0x00000ecf       0x8e ./freertos/fsl_tickless_lptmr.o
 .debug_macro   0x00000f5d       0xe0 ./freertos/heap_4.o
 .debug_macro   0x0000103d       0xb9 ./freertos/list.o
 .debug_macro   0x000010f6       0xcf ./freertos/port.o
 .debug_macro   0x000011c5      0x122 ./freertos/queue.o
 .debug_macro   0x000012e7       0x94 ./freertos/queue.o
 .debug_macro   0x0000137b      0x182 ./freertos/tasks.o
 .debug_macro   0x000014fd       0x11 ./freertos/tasks.o
 .debug_macro   0x0000150e       0xec ./freertos/timers.o
 .debug_macro   0x000015fa       0xec ./drivers/fsl_lpsci.o
 .debug_macro   0x000016e6       0xf2 ./drivers/fsl_uart.o
 .debug_macro   0x000017d8       0x94 ./CMSIS/system_MKL25Z4.o

.debug_line     0x00000000     0x3df4
 .debug_line    0x00000000      0x128 ./startup/startup_mkl25z4.o
 .debug_line    0x00000128      0x29c ./source/SistemaDinamico.o
 .debug_line    0x000003c4       0x95 ./source/mtb.o
 .debug_line    0x00000459       0x54 ./source/semihost_hardfault.o
 .debug_line    0x000004ad      0x269 ./lib/Sistema.o
 .debug_line    0x00000716      0x217 ./lib/adc.o
 .debug_line    0x0000092d      0x213 ./lib/dac.o
 .debug_line    0x00000b40      0x1c4 ./freertos/fsl_tickless_lptmr.o
 .debug_line    0x00000d04      0x2b8 ./freertos/heap_4.o
 .debug_line    0x00000fbc      0x20e ./freertos/list.o
 .debug_line    0x000011ca      0x2c5 ./freertos/port.o
 .debug_line    0x0000148f      0x7d5 ./freertos/queue.o
 .debug_line    0x00001c64      0xcd7 ./freertos/tasks.o
 .debug_line    0x0000293b      0x494 ./freertos/timers.o
 .debug_line    0x00002dcf      0x71d ./drivers/fsl_lpsci.o
 .debug_line    0x000034ec      0x720 ./drivers/fsl_uart.o
 .debug_line    0x00003c0c      0x1e8 ./CMSIS/system_MKL25Z4.o

.debug_str      0x00000000    0x39911
 .debug_str     0x00000000     0x30fa ./startup/startup_mkl25z4.o
                               0x315a (size before relaxing)
 .debug_str     0x000030fa    0x30011 ./source/SistemaDinamico.o
                              0x32f46 (size before relaxing)
 .debug_str     0x0003310b      0x532 ./source/mtb.o
                               0x3266 (size before relaxing)
 .debug_str     0x0003363d       0x1f ./source/semihost_hardfault.o
                               0x2d53 (size before relaxing)
 .debug_str     0x0003365c       0xc3 ./lib/Sistema.o
                              0x2fb73 (size before relaxing)
 .debug_str     0x0003371f      0x19c ./lib/adc.o
                              0x2fd3b (size before relaxing)
 .debug_str     0x000338bb       0x91 ./lib/dac.o
                              0x2fc86 (size before relaxing)
 .debug_str     0x0003394c      0x43c ./freertos/fsl_tickless_lptmr.o
                               0x7bcf (size before relaxing)
 .debug_str     0x00033d88      0x2f3 ./freertos/heap_4.o
                               0x7a6a (size before relaxing)
 .debug_str     0x0003407b      0x11e ./freertos/list.o
                               0x7387 (size before relaxing)
 .debug_str     0x00034199      0x188 ./freertos/port.o
                               0x7d76 (size before relaxing)
 .debug_str     0x00034321      0xf75 ./freertos/queue.o
                               0x88e3 (size before relaxing)
 .debug_str     0x00035296     0x1ac7 ./freertos/tasks.o
                               0x9554 (size before relaxing)
 .debug_str     0x00036d5d      0x4c6 ./freertos/timers.o
                               0x8e2e (size before relaxing)
 .debug_str     0x00037223     0x1d4d ./drivers/fsl_lpsci.o
                              0x31869 (size before relaxing)
 .debug_str     0x00038f70      0x93d ./drivers/fsl_uart.o
                              0x3188c (size before relaxing)
 .debug_str     0x000398ad       0x64 ./CMSIS/system_MKL25Z4.o
                              0x2fbcb (size before relaxing)

.comment        0x00000000       0x7e
 .comment       0x00000000       0x7e ./startup/startup_mkl25z4.o
                                 0x7f (size before relaxing)
 .comment       0x0000007e       0x7f ./source/SistemaDinamico.o
 .comment       0x0000007e       0x7f ./source/mtb.o
 .comment       0x0000007e       0x7f ./source/semihost_hardfault.o
 .comment       0x0000007e       0x7f ./lib/Sistema.o
 .comment       0x0000007e       0x7f ./lib/adc.o
 .comment       0x0000007e       0x7f ./lib/dac.o
 .comment       0x0000007e       0x7f ./freertos/fsl_tickless_lptmr.o
 .comment       0x0000007e       0x7f ./freertos/heap_4.o
 .comment       0x0000007e       0x7f ./freertos/list.o
 .comment       0x0000007e       0x7f ./freertos/port.o
 .comment       0x0000007e       0x7f ./freertos/queue.o
 .comment       0x0000007e       0x7f ./freertos/tasks.o
 .comment       0x0000007e       0x7f ./freertos/timers.o
 .comment       0x0000007e       0x7f ./drivers/fsl_lpsci.o
 .comment       0x0000007e       0x7f ./drivers/fsl_uart.o
 .comment       0x0000007e       0x7f ./CMSIS/system_MKL25Z4.o
 .comment       0x0000007e       0x7f c:/nxp/mcuxpressoide_10.2.1_795/ide/tools/bin/../lib/gcc/arm-none-eabi/7.2.1/../../../../arm-none-eabi/lib/thumb/v6-m\libcr_semihost_nf.a(_cr__main.o)
 .comment       0x0000007e       0x7f c:/nxp/mcuxpressoide_10.2.1_795/ide/tools/bin/../lib/gcc/arm-none-eabi/7.2.1/../../../../arm-none-eabi/lib/thumb/v6-m\libcr_semihost_nf.a(__ciob.o)
 .comment       0x0000007e       0x7f c:/nxp/mcuxpressoide_10.2.1_795/ide/tools/bin/../lib/gcc/arm-none-eabi/7.2.1/../../../../arm-none-eabi/lib/thumb/v6-m\libcr_c.a(memcpy.o)
 .comment       0x0000007e       0x7f c:/nxp/mcuxpressoide_10.2.1_795/ide/tools/bin/../lib/gcc/arm-none-eabi/7.2.1/../../../../arm-none-eabi/lib/thumb/v6-m\libcr_c.a(memset.o)
 .comment       0x0000007e       0x7f c:/nxp/mcuxpressoide_10.2.1_795/ide/tools/bin/../lib/gcc/arm-none-eabi/7.2.1/../../../../arm-none-eabi/lib/thumb/v6-m\libcr_c.a(_deferredlazyseek.o)
 .comment       0x0000007e       0x7f c:/nxp/mcuxpressoide_10.2.1_795/ide/tools/bin/../lib/gcc/arm-none-eabi/7.2.1/../../../../arm-none-eabi/lib/thumb/v6-m\libcr_c.a(_fflush.o)
 .comment       0x0000007e       0x7f c:/nxp/mcuxpressoide_10.2.1_795/ide/tools/bin/../lib/gcc/arm-none-eabi/7.2.1/../../../../arm-none-eabi/lib/thumb/v6-m\libcr_c.a(_writebuf.o)
 .comment       0x0000007e       0x7f c:/nxp/mcuxpressoide_10.2.1_795/ide/tools/bin/../lib/gcc/arm-none-eabi/7.2.1/../../../../arm-none-eabi/lib/thumb/v6-m\libcr_c.a(alloc.o)
 .comment       0x0000007e       0x7f c:/nxp/mcuxpressoide_10.2.1_795/ide/tools/bin/../lib/gcc/arm-none-eabi/7.2.1/../../../../arm-none-eabi/lib/thumb/v6-m\libcr_c.a(fseek.o)
 .comment       0x0000007e       0x7f c:/nxp/mcuxpressoide_10.2.1_795/ide/tools/bin/../lib/gcc/arm-none-eabi/7.2.1/../../../../arm-none-eabi/lib/thumb/v6-m\libcr_c.a(ftell.o)
 .comment       0x0000007e       0x7f c:/nxp/mcuxpressoide_10.2.1_795/ide/tools/bin/../lib/gcc/arm-none-eabi/7.2.1/../../../../arm-none-eabi/lib/thumb/v6-m\libcr_c.a(initio.o)
 .comment       0x0000007e       0x7f c:/nxp/mcuxpressoide_10.2.1_795/ide/tools/bin/../lib/gcc/arm-none-eabi/7.2.1/../../../../arm-none-eabi/lib/thumb/v6-m\libcr_c.a(setvbuf.o)
 .comment       0x0000007e       0x7f c:/nxp/mcuxpressoide_10.2.1_795/ide/tools/bin/../lib/gcc/arm-none-eabi/7.2.1/../../../../arm-none-eabi/lib/thumb/v6-m\libcr_c.a(_fdopen.o)
 .comment       0x0000007e       0x7f c:/nxp/mcuxpressoide_10.2.1_795/ide/tools/bin/../lib/gcc/arm-none-eabi/7.2.1/../../../../arm-none-eabi/lib/thumb/v6-m\libcr_c.a(errno.o)
 .comment       0x0000007e       0x7f c:/nxp/mcuxpressoide_10.2.1_795/ide/tools/bin/../lib/gcc/arm-none-eabi/7.2.1/../../../../arm-none-eabi/lib/thumb/v6-m\libcr_c.a(fclose.o)
 .comment       0x0000007e       0x7f c:/nxp/mcuxpressoide_10.2.1_795/ide/tools/bin/../lib/gcc/arm-none-eabi/7.2.1/../../../../arm-none-eabi/lib/thumb/v6-m\libcr_c.a(fflush.o)
 .comment       0x0000007e       0x7f c:/nxp/mcuxpressoide_10.2.1_795/ide/tools/bin/../lib/gcc/arm-none-eabi/7.2.1/../../../../arm-none-eabi/lib/thumb/v6-m\libcr_c.a(remove.o)
 .comment       0x0000007e       0x7f c:/nxp/mcuxpressoide_10.2.1_795/ide/tools/bin/../lib/gcc/arm-none-eabi/7.2.1/../../../../arm-none-eabi/lib/thumb/v6-m\libcr_c.a(strlen.o)
 .comment       0x0000007e       0x7f c:/nxp/mcuxpressoide_10.2.1_795/ide/tools/bin/../lib/gcc/arm-none-eabi/7.2.1/../../../../arm-none-eabi/lib/thumb/v6-m\libcr_c.a(_do_fflush.o)
 .comment       0x0000007e       0x7f c:/nxp/mcuxpressoide_10.2.1_795/ide/tools/bin/../lib/gcc/arm-none-eabi/7.2.1/thumb/v6-m\libcr_eabihelpers.a(float.o)

.ARM.attributes
                0x00000000       0x30
 .ARM.attributes
                0x00000000       0x32 ./startup/startup_mkl25z4.o
 .ARM.attributes
                0x00000032       0x32 ./source/SistemaDinamico.o
 .ARM.attributes
                0x00000064       0x32 ./source/mtb.o
 .ARM.attributes
                0x00000096       0x32 ./source/semihost_hardfault.o
 .ARM.attributes
                0x000000c8       0x32 ./lib/Sistema.o
 .ARM.attributes
                0x000000fa       0x32 ./lib/adc.o
 .ARM.attributes
                0x0000012c       0x32 ./lib/dac.o
 .ARM.attributes
                0x0000015e       0x32 ./freertos/fsl_tickless_lptmr.o
 .ARM.attributes
                0x00000190       0x32 ./freertos/heap_4.o
 .ARM.attributes
                0x000001c2       0x32 ./freertos/list.o
 .ARM.attributes
                0x000001f4       0x32 ./freertos/port.o
 .ARM.attributes
                0x00000226       0x32 ./freertos/queue.o
 .ARM.attributes
                0x00000258       0x32 ./freertos/tasks.o
 .ARM.attributes
                0x0000028a       0x32 ./freertos/timers.o
 .ARM.attributes
                0x000002bc       0x32 ./drivers/fsl_lpsci.o
 .ARM.attributes
                0x000002ee       0x32 ./drivers/fsl_uart.o
 .ARM.attributes
                0x00000320       0x32 ./CMSIS/system_MKL25Z4.o
 .ARM.attributes
                0x00000352       0x31 c:/nxp/mcuxpressoide_10.2.1_795/ide/tools/bin/../lib/gcc/arm-none-eabi/7.2.1/../../../../arm-none-eabi/lib/thumb/v6-m\libcr_semihost_nf.a(_cr__main.o)
 .ARM.attributes
                0x00000383       0x31 c:/nxp/mcuxpressoide_10.2.1_795/ide/tools/bin/../lib/gcc/arm-none-eabi/7.2.1/../../../../arm-none-eabi/lib/thumb/v6-m\libcr_semihost_nf.a(__ciob.o)
 .ARM.attributes
                0x000003b4       0x31 c:/nxp/mcuxpressoide_10.2.1_795/ide/tools/bin/../lib/gcc/arm-none-eabi/7.2.1/../../../../arm-none-eabi/lib/thumb/v6-m\libcr_c.a(memcpy.o)
 .ARM.attributes
                0x000003e5       0x31 c:/nxp/mcuxpressoide_10.2.1_795/ide/tools/bin/../lib/gcc/arm-none-eabi/7.2.1/../../../../arm-none-eabi/lib/thumb/v6-m\libcr_c.a(memset.o)
 .ARM.attributes
                0x00000416       0x31 c:/nxp/mcuxpressoide_10.2.1_795/ide/tools/bin/../lib/gcc/arm-none-eabi/7.2.1/../../../../arm-none-eabi/lib/thumb/v6-m\libcr_c.a(_deferredlazyseek.o)
 .ARM.attributes
                0x00000447       0x31 c:/nxp/mcuxpressoide_10.2.1_795/ide/tools/bin/../lib/gcc/arm-none-eabi/7.2.1/../../../../arm-none-eabi/lib/thumb/v6-m\libcr_c.a(_fflush.o)
 .ARM.attributes
                0x00000478       0x31 c:/nxp/mcuxpressoide_10.2.1_795/ide/tools/bin/../lib/gcc/arm-none-eabi/7.2.1/../../../../arm-none-eabi/lib/thumb/v6-m\libcr_c.a(_writebuf.o)
 .ARM.attributes
                0x000004a9       0x31 c:/nxp/mcuxpressoide_10.2.1_795/ide/tools/bin/../lib/gcc/arm-none-eabi/7.2.1/../../../../arm-none-eabi/lib/thumb/v6-m\libcr_c.a(alloc.o)
 .ARM.attributes
                0x000004da       0x31 c:/nxp/mcuxpressoide_10.2.1_795/ide/tools/bin/../lib/gcc/arm-none-eabi/7.2.1/../../../../arm-none-eabi/lib/thumb/v6-m\libcr_c.a(fseek.o)
 .ARM.attributes
                0x0000050b       0x31 c:/nxp/mcuxpressoide_10.2.1_795/ide/tools/bin/../lib/gcc/arm-none-eabi/7.2.1/../../../../arm-none-eabi/lib/thumb/v6-m\libcr_c.a(ftell.o)
 .ARM.attributes
                0x0000053c       0x31 c:/nxp/mcuxpressoide_10.2.1_795/ide/tools/bin/../lib/gcc/arm-none-eabi/7.2.1/../../../../arm-none-eabi/lib/thumb/v6-m\libcr_c.a(initio.o)
 .ARM.attributes
                0x0000056d       0x31 c:/nxp/mcuxpressoide_10.2.1_795/ide/tools/bin/../lib/gcc/arm-none-eabi/7.2.1/../../../../arm-none-eabi/lib/thumb/v6-m\libcr_c.a(setvbuf.o)
 .ARM.attributes
                0x0000059e       0x31 c:/nxp/mcuxpressoide_10.2.1_795/ide/tools/bin/../lib/gcc/arm-none-eabi/7.2.1/../../../../arm-none-eabi/lib/thumb/v6-m\libcr_c.a(_fdopen.o)
 .ARM.attributes
                0x000005cf       0x31 c:/nxp/mcuxpressoide_10.2.1_795/ide/tools/bin/../lib/gcc/arm-none-eabi/7.2.1/../../../../arm-none-eabi/lib/thumb/v6-m\libcr_c.a(errno.o)
 .ARM.attributes
                0x00000600       0x31 c:/nxp/mcuxpressoide_10.2.1_795/ide/tools/bin/../lib/gcc/arm-none-eabi/7.2.1/../../../../arm-none-eabi/lib/thumb/v6-m\libcr_c.a(fclose.o)
 .ARM.attributes
                0x00000631       0x31 c:/nxp/mcuxpressoide_10.2.1_795/ide/tools/bin/../lib/gcc/arm-none-eabi/7.2.1/../../../../arm-none-eabi/lib/thumb/v6-m\libcr_c.a(fflush.o)
 .ARM.attributes
                0x00000662       0x31 c:/nxp/mcuxpressoide_10.2.1_795/ide/tools/bin/../lib/gcc/arm-none-eabi/7.2.1/../../../../arm-none-eabi/lib/thumb/v6-m\libcr_c.a(remove.o)
 .ARM.attributes
                0x00000693       0x31 c:/nxp/mcuxpressoide_10.2.1_795/ide/tools/bin/../lib/gcc/arm-none-eabi/7.2.1/../../../../arm-none-eabi/lib/thumb/v6-m\libcr_c.a(strlen.o)
 .ARM.attributes
                0x000006c4       0x31 c:/nxp/mcuxpressoide_10.2.1_795/ide/tools/bin/../lib/gcc/arm-none-eabi/7.2.1/../../../../arm-none-eabi/lib/thumb/v6-m\libcr_c.a(_do_fflush.o)
 .ARM.attributes
                0x000006f5       0x21 c:/nxp/mcuxpressoide_10.2.1_795/ide/tools/bin/../lib/gcc/arm-none-eabi/7.2.1/thumb/v6-m\libcr_eabihelpers.a(division_32.o)
 .ARM.attributes
                0x00000716       0x21 c:/nxp/mcuxpressoide_10.2.1_795/ide/tools/bin/../lib/gcc/arm-none-eabi/7.2.1/thumb/v6-m\libcr_eabihelpers.a(division_idiv0.o)
 .ARM.attributes
                0x00000737       0x31 c:/nxp/mcuxpressoide_10.2.1_795/ide/tools/bin/../lib/gcc/arm-none-eabi/7.2.1/thumb/v6-m\libcr_eabihelpers.a(float.o)
 .ARM.attributes
                0x00000768       0x21 c:/nxp/mcuxpressoide_10.2.1_795/ide/tools/bin/../lib/gcc/arm-none-eabi/7.2.1/thumb/v6-m\libcr_eabihelpers.a(llong.o)
 .ARM.attributes
                0x00000789       0x21 c:/nxp/mcuxpressoide_10.2.1_795/ide/tools/bin/../lib/gcc/arm-none-eabi/7.2.1/thumb/v6-m\libcr_eabihelpers.a(memcpy.o)
 .ARM.attributes
                0x000007aa       0x21 c:/nxp/mcuxpressoide_10.2.1_795/ide/tools/bin/../lib/gcc/arm-none-eabi/7.2.1/../../../../arm-none-eabi/lib/thumb/v6-m\libcr_semihost_nf.a(__sys_close.o)
 .ARM.attributes
                0x000007cb       0x21 c:/nxp/mcuxpressoide_10.2.1_795/ide/tools/bin/../lib/gcc/arm-none-eabi/7.2.1/../../../../arm-none-eabi/lib/thumb/v6-m\libcr_semihost_nf.a(__sys_flen.o)
 .ARM.attributes
                0x000007ec       0x21 c:/nxp/mcuxpressoide_10.2.1_795/ide/tools/bin/../lib/gcc/arm-none-eabi/7.2.1/../../../../arm-none-eabi/lib/thumb/v6-m\libcr_semihost_nf.a(__sys_istty.o)
 .ARM.attributes
                0x0000080d       0x21 c:/nxp/mcuxpressoide_10.2.1_795/ide/tools/bin/../lib/gcc/arm-none-eabi/7.2.1/../../../../arm-none-eabi/lib/thumb/v6-m\libcr_semihost_nf.a(__sys_remove.o)
 .ARM.attributes
                0x0000082e       0x21 c:/nxp/mcuxpressoide_10.2.1_795/ide/tools/bin/../lib/gcc/arm-none-eabi/7.2.1/../../../../arm-none-eabi/lib/thumb/v6-m\libcr_semihost_nf.a(__sys_seek.o)
 .ARM.attributes
                0x0000084f       0x21 c:/nxp/mcuxpressoide_10.2.1_795/ide/tools/bin/../lib/gcc/arm-none-eabi/7.2.1/../../../../arm-none-eabi/lib/thumb/v6-m\libcr_semihost_nf.a(__sys_tmpnam.o)
 .ARM.attributes
                0x00000870       0x21 c:/nxp/mcuxpressoide_10.2.1_795/ide/tools/bin/../lib/gcc/arm-none-eabi/7.2.1/../../../../arm-none-eabi/lib/thumb/v6-m\libcr_semihost_nf.a(__sys_write.o)

.debug_frame    0x00000000     0x1f20
 .debug_frame   0x00000000      0x3b0 ./startup/startup_mkl25z4.o
 .debug_frame   0x000003b0       0x54 ./source/SistemaDinamico.o
 .debug_frame   0x00000404       0x20 ./source/semihost_hardfault.o
 .debug_frame   0x00000424       0x70 ./lib/Sistema.o
 .debug_frame   0x00000494       0x4c ./lib/adc.o
 .debug_frame   0x000004e0       0x4c ./lib/dac.o
 .debug_frame   0x0000052c       0x2c ./freertos/fsl_tickless_lptmr.o
 .debug_frame   0x00000558       0xe4 ./freertos/heap_4.o
 .debug_frame   0x0000063c       0xb0 ./freertos/list.o
 .debug_frame   0x000006ec      0x154 ./freertos/port.o
 .debug_frame   0x00000840      0x410 ./freertos/queue.o
 .debug_frame   0x00000c50      0x73c ./freertos/tasks.o
 .debug_frame   0x0000138c      0x2c8 ./freertos/timers.o
 .debug_frame   0x00001654      0x418 ./drivers/fsl_lpsci.o
 .debug_frame   0x00001a6c      0x468 ./drivers/fsl_uart.o
 .debug_frame   0x00001ed4       0x4c ./CMSIS/system_MKL25Z4.o
